// Jest Snapshot v1, https://goo.gl/fbAQLP

exports[`codesandboxplus container processes correctly 1`] = `
"<script>
import exampleWK6KM from './test/codesandboxplus/App.svelte'
</script>

<div class=\\"exampleWK6KM-container csbp-container\\"><div class=\\"exampleWK6KM-rendered\\"><svelte:component this=\\"{exampleWK6KM}\\"></svelte:component></div><div
  class=\\"exampleWK6KM-code csbp-code\\"
><pre class=\\"language-svelte\\"><code class=\\"language-svelte\\"><span class=\\"token tag\\"><span class=\\"token tag\\"><span class=\\"token punctuation\\">&#60;</span>script</span><span
  class=\\"token punctuation\\"
>&#62;</span></span><span
  class=\\"token script\\"
><span class=\\"token language-javascript\\">

$<span class=\\"token punctuation\\">:</span><span
  class=\\"token console class-name\\"
>console</span><span
  class=\\"token punctuation\\"
>.</span><span
  class=\\"token method function property-access\\"
>log</span><span
  class=\\"token punctuation\\"
>(</span><span class=\\"token string\\">&#34;hello world&#34;</span><span
  class=\\"token punctuation\\"
>)</span>
</span></span><span
  class=\\"token tag\\"
><span class=\\"token tag\\"><span class=\\"token punctuation\\">&#60;/</span>script</span><span
  class=\\"token punctuation\\"
>&#62;</span></span>

<span class=\\"token tag\\"><span class=\\"token tag\\"><span class=\\"token punctuation\\">&#60;</span>h1</span><span
  class=\\"token punctuation\\"
>&#62;</span></span>Hello world<span class=\\"token tag\\"><span class=\\"token tag\\"><span class=\\"token punctuation\\">&#60;/</span>h1</span><span
  class=\\"token punctuation\\"
>&#62;</span></span>
</code></pre></div><div
  class=\\"exampleWK6KM-code-snippets csbp-code-snippets\\"
><pre class=\\"language-svelte\\"><code class=\\"language-svelte\\"><span class=\\"token tag\\"><span class=\\"token tag\\"><span class=\\"token punctuation\\">&#60;</span>script</span><span
  class=\\"token punctuation\\"
>&#62;</span></span>

//<span class=\\"token comment\\">&#60;!-- line 1 to 3 --&#62;</span>//
<span class=\\"token tag\\"><span class=\\"token tag\\"><span class=\\"token punctuation\\">&#60;</span>script</span><span
  class=\\"token punctuation\\"
>&#62;</span></span>

$:console.log(&#34;hello world&#34;)
</code></pre></div><div
  class=\\"exampleWK6KM-csb-link csbp-csb-link\\"
><a href=\\"https://codesandbox.io/s/wk6km\\">Edit on CodeSandBox</a></div></div>"
`;
